// Jest Snapshot v1, https://goo.gl/fbAQLP

exports[`show seat layout 1`] = `
<div>
  <div
    className="seats-wrapper"
  >
    <div
      className="seats-row"
    >
      <div
        className="seat seat-blocked"
        onClick={[Function]}
      >
        A1
      </div>
      <div
        className="seat"
        onClick={[Function]}
      >
        A2
      </div>
      <div
        className="seat"
        onClick={[Function]}
      >
        A3
      </div>
    </div>
    <div
      className="seats-row"
    >
      <div
        className="seat"
        onClick={[Function]}
      >
        B1
      </div>
      <div
        className="seat"
        onClick={[Function]}
      >
        B2
      </div>
      <div
        className="seat"
        onClick={[Function]}
      >
        B3
      </div>
    </div>
  </div>
</div>
`;
